#! /usr/bin/vvp
:ivl_version "0.9.2 " "(v0_9_2)";
:vpi_time_precision + 0;
:vpi_module "system";
:vpi_module "v2005_math";
:vpi_module "va_math";
S_0x107bd40 .scope module, "test" "test" 2 2;
 .timescale 0 0;
v0x107bb20_0 .net *"_s5", 0 0, L_0x10b1e40; 1 drivers
v0x10b1940_0 .net *"_s9", 0 0, L_0x10b2050; 1 drivers
v0x10b19e0_0 .net/s "a", 23 0, C4<100001011110011000000000>; 1 drivers
v0x10b1a80_0 .net/s "a_", 24 0, L_0x10b1f60; 1 drivers
v0x10b1b30_0 .net "ab_", 24 0, L_0x10b2230; 1 drivers
v0x10b1bd0_0 .net/s "b", 23 0, C4<011101110111110100000000>; 1 drivers
v0x10b1cb0_0 .net/s "b_", 24 0, L_0x10b2140; 1 drivers
L_0x10b1e40 .part C4<100001011110011000000000>, 23, 1;
L_0x10b1f60 .concat [ 24 1 0 0], C4<100001011110011000000000>, L_0x10b1e40;
L_0x10b2050 .part C4<011101110111110100000000>, 23, 1;
L_0x10b2140 .concat [ 24 1 0 0], C4<011101110111110100000000>, L_0x10b2050;
L_0x10b2230 .arith/sub 25, L_0x10b1f60, L_0x10b2140;
    .scope S_0x107bd40;
T_0 ;
    %load/v 32, v0x10b19e0_0, 24;
    %load/v 56, v0x10b1bd0_0, 24;
    %add 32, 56, 24;
    %movi 56, 1, 2;
    %ix/get/s 0, 56, 2;
    %jmp/1  T_0.0, 4;
    %ix/load 4, 1, 0;
    %cmp/ws 4, 0;
    %jmp/1  T_0.0, 5;
    %mov 4, 0, 1;
    %shiftr/i0 32, 24;
    %jmp T_0.1;
T_0.0 ;
    %ix/mul 0, 4294967295, 4294967295;
    %shiftl/i0 32, 24;
T_0.1 ;
; Save expression base=32 wid=23 in lookaside
    %mov 8, 32, 23; Move select into place
    %mov 31, 30, 1;
    %vpi_call 2 12 "$display", "(%d+%d)>>1=%d", v0x10b19e0_0, v0x10b1bd0_0, T<8,24,s>;
    %load/v 8, v0x10b19e0_0, 24;
    %load/v 32, v0x10b1bd0_0, 24;
    %sub 8, 32, 24;
    %load/v 56, v0x10b19e0_0, 24;
    %load/v 80, v0x10b1bd0_0, 24;
    %sub 56, 80, 24;
    %movi 80, 1, 2;
    %ix/get/s 0, 80, 2;
    %jmp/1  T_0.2, 4;
    %ix/load 4, 1, 0;
    %cmp/ws 4, 0;
    %jmp/1  T_0.2, 5;
    %mov 4, 0, 1;
    %shiftr/i0 56, 24;
    %jmp T_0.3;
T_0.2 ;
    %ix/mul 0, 4294967295, 4294967295;
    %shiftl/i0 56, 24;
T_0.3 ;
; Save expression base=56 wid=23 in lookaside
    %mov 32, 56, 23; Move select into place
    %mov 55, 54, 1;
    %vpi_call 2 13 "$display", "(%d-%d) = %d >>1=%d", v0x10b19e0_0, v0x10b1bd0_0, T<8,24,s>, T<32,24,s>;
    %ix/load 1, 1, 0;
    %mov 4, 0, 1;
    %jmp/1 T_0.4, 4;
    %load/x1p 33, v0x10b1b30_0, 24;
    %jmp T_0.5;
T_0.4 ;
    %mov 33, 2, 24;
T_0.5 ;
    %mov 8, 33, 24; Move signal select into place
    %mov 32, 0, 1;
    %vpi_call 2 14 "$display", "(%d-%d) = %d >>1=%d=%d", v0x10b1a80_0, v0x10b1cb0_0, v0x10b1b30_0, T<8,25,u>, &PV<v0x10b1b30_0, 1, 24>;
    %ix/load 1, 1, 0;
    %mov 4, 0, 1;
    %jmp/1 T_0.6, 4;
    %load/x1p 33, v0x10b1b30_0, 24;
    %jmp T_0.7;
T_0.6 ;
    %mov 33, 2, 24;
T_0.7 ;
    %mov 8, 33, 24; Move signal select into place
    %mov 32, 0, 1;
    %vpi_call 2 15 "$display", "(%b-%b) = %b >>1=%b=%b", v0x10b1a80_0, v0x10b1cb0_0, v0x10b1b30_0, T<8,25,u>, &PV<v0x10b1b30_0, 1, 24>;
    %end;
    .thread T_0;
# The file index is used to find the file name in the following table.
:file_names 3;
    "N/A";
    "<interactive>";
    "tb_nov.v";
